HI-TECH Software C Compiler 

Linker command line:

--edf=C:\Program Files\HI-TECH Software\PICC\9.83\dat\en_msgs.txt -cs \
  -h+Ginza.sym -z -Q16F886 -ol.obj -MGinza.map -E1 -ACONST=00h-0FFhx32 \
  -ACODE=00h-07FFhx4 -ASTRCODE=00h-01FFFh -AENTRY=00h-0FFhx32 \
  -ASTRING=00h-0FFhx32 -ABANK0=020h-06Fh -ABANK1=0A0h-0EFh \
  -ABANK2=0110h-016Fh -ABANK3=0190h-01EFh \
  -ARAM=020h-06Fh,0A0h-0EFh,0110h-016Fh,0190h-01EFh \
  -AABS1=020h-07Fh,0A0h-0EFh,0110h-016Fh,0190h-01EFh -ACOMMON=070h-07Fh \
  -ASFR0=00h-01Fh -ASFR1=080h-09Fh -ASFR2=0100h-010Fh -ASFR3=0180h-018Fh \
  -preset_vec=00h,intentry=04h,init,end_init -ppowerup=CODE -pfunctab=CODE \
  -ACONFIG=02007h-02008h -pconfig=CONFIG -DCONFIG=2 -AIDLOC=02000h-02003h \
  -pidloc=IDLOC -DIDLOC=2 -AEEDATA=00h-0FFh/02100h -peeprom_data=EEDATA \
  -DEEDATA=2 -DCODE=2 -DSTRCODE=2 -DSTRING=2 -DCONST=2 -DENTRY=2 -k \
  startup.obj Ginza.obj 

Object code version is 3.10

Machine type is 16F886



                Name                               Link     Load   Length Selector   Space Scale
startup.obj     end_init                             12       12        3        8       0
                reset_vec                             0        0        3        0       0
Ginza.obj       intentry                              4        4        E        8       0
                config                             2007     2007        2     400E       0
                text125                              15       15      194        8       0
                maintext                            1A9      1A9      153        8       0
                cstackBANK0                          3E       3E       10       20       1
                cstackCOMMON                         70       70        A       70       1
                clrtext                             30C      30C        8        8       0
                bssBANK0                             20       20       1E       20       1
                bssCOMMON                            7C       7C        2       70       1
                bitbssCOMMON                        3D0       7A        4       70       1     8
                cinit                               2FC      2FC       10        8       0
                bitnvCOMMON                         3D8       7B        2       70       1     8
                nvBANK0                              4E       4E        4       20       1

TOTAL           Name                               Link     Load   Length     Space
        CLASS   CONST          

        CLASS   CODE           
                end_init                             12       12        3         0
                intentry                              4        4        E         0
                reset_vec                             0        0        3         0
                text125                              15       15      194         0
                maintext                            1A9      1A9      153         0
                clrtext                             30C      30C        8         0
                cinit                               2FC      2FC       10         0

        CLASS   STRCODE        

        CLASS   ENTRY          

        CLASS   STRING         

        CLASS   BANK0          
                cstackBANK0                          3E       3E       10         1
                bssBANK0                             20       20       1E         1
                nvBANK0                              4E       4E        4         1

        CLASS   BANK1          

        CLASS   BANK2          

        CLASS   BANK3          

        CLASS   RAM            

        CLASS   ABS1           
                abs_s1                               7E       7E        2         1

        CLASS   COMMON         
                cstackCOMMON                         70       70        A         1
                bssCOMMON                            7C       7C        2         1
                bitbssCOMMON                        3D0       7A        4         1
                bitnvCOMMON                         3D8       7B        2         1

        CLASS   SFR0           

        CLASS   SFR1           

        CLASS   SFR2           

        CLASS   SFR3           

        CLASS   CONFIG         
                config                             2007     2007        2         0

        CLASS   IDLOC          

        CLASS   EEDATA         



SEGMENTS        Name                           Load    Length   Top    Selector   Space  Class     Delta

                reset_vec                      000000  000003  000003         0       0  CODE        2
                intentry                       000004  000310  000314         8       0  CODE        2
                bssBANK0                       000020  000032  000052        20       1  BANK0       1
                cstackCOMMON                   000070  00000E  00007E        70       1  COMMON      1
                config                         002007  000002  002009      400E       0  CONFIG      2


UNUSED ADDRESS RANGES

        Name                Unused          Largest block    Delta
        BANK0            0052-006F             1E           1
        BANK1            00A0-00EF             50           1
        BANK2            0110-016F             60           1
        BANK3            0190-01EF             60           1
        CODE             0003-0003              1           2
                         0314-1FFF            800
        CONST            0003-0003              1           2
                         0314-1FFF            100
        EEDATA           2100-21FF            100           2
        ENTRY            0003-0003              1           2
                         0314-1FFF            100
        IDLOC            2000-2003              4           2
        RAM              0052-006F             1E           1
                         00A0-00EF             50
                         0110-016F             60
                         0190-01EF             60
        SFR0             0000-001F             20           1
        SFR1             0080-009F             20           1
        SFR2             0100-010F             10           1
        SFR3             0180-018F             10           1
        STRCODE          0003-0003              1           2
                         0314-1FFF           1CEC
        STRING           0003-0003              1           2
                         0314-1FFF            100

                                  Symbol Table

??_elapse             cstackCOMMON 0070
??_main               cstackBANK0  004A
?_elapse              cstackCOMMON 0070
?_main                cstackCOMMON 0070
_ADCON0               (abs)        001F
_ADCON1               (abs)        009F
_ADRESH               (abs)        001E
_ANSEL                (abs)        0188
_ANSELH               (abs)        0189
_CARRY                (abs)        0018
_CCP1CON              (abs)        0017
_CCPR1L               (abs)        0015
_EEADR                (abs)        010D
_EECON1               (abs)        018C
_EECON2               (abs)        018D
_EEDATA               (abs)        010C
_GIE                  (abs)        005F
_OPTION_REG           (abs)        0081
_OSCCON               (abs)        008F
_PEIE                 (abs)        005E
_PORTA                (abs)        0005
_PORTB                (abs)        0006
_PORTC                (abs)        0007
_PR2                  (abs)        0092
_RA5                  (abs)        002D
_RB6                  (abs)        0036
_RB7                  (abs)        0037
_RC0                  (abs)        0038
_RC3                  (abs)        003B
_RC4                  (abs)        003C
_RC5                  (abs)        003D
_RD                   (abs)        0C60
_T0IE                 (abs)        005D
_T0IF                 (abs)        005A
_T1CKPS0              (abs)        0084
_T1CKPS1              (abs)        0085
_T2CON                (abs)        0012
_TMR0                 (abs)        0001
_TMR1IE               (abs)        0460
_TMR1IF               (abs)        0060
_TMR1ON               (abs)        0080
_TRISA                (abs)        0085
_TRISB                (abs)        0086
_TRISC                (abs)        0087
_WPUB                 (abs)        0095
_WR                   (abs)        0C61
_WREN                 (abs)        0C62
__Habs1               abs1         0000
__Hbank0              bank0        0000
__Hbank1              bank1        0000
__Hbank2              bank2        0000
__Hbank3              bank3        0000
__HbitbssCOMMON       bitbssCOMMON 0000
__HbitnvCOMMON        bitnvCOMMON  0000
__HbssBANK0           bssBANK0     0000
__HbssCOMMON          bssCOMMON    0000
__Hcinit              cinit        0000
__Hclrtext            clrtext      0000
__Hcode               code         0000
__Hcommon             common       0000
__Hconfig             config       2009
__HcstackBANK0        cstackBANK0  0000
__HcstackCOMMON       cstackCOMMON 0000
__Heeprom_data        eeprom_data  0000
__Hend_init           end_init     0015
__Hfunctab            functab      0000
__Hidloc              idloc        0000
__Hinit               init         0012
__Hintentry           intentry     0012
__Hmaintext           maintext     0000
__HnvBANK0            nvBANK0      0000
__Hpowerup            powerup      0000
__Hram                ram          0000
__Hreset_vec          reset_vec    0003
__Hsfr0               sfr0         0000
__Hsfr1               sfr1         0000
__Hsfr2               sfr2         0000
__Hsfr3               sfr3         0000
__Hstrings            strings      0000
__Htext               text         0000
__Labs1               abs1         0000
__Lbank0              bank0        0000
__Lbank1              bank1        0000
__Lbank2              bank2        0000
__Lbank3              bank3        0000
__LbitbssCOMMON       bitbssCOMMON 0000
__LbitnvCOMMON        bitnvCOMMON  0000
__LbssBANK0           bssBANK0     0000
__LbssCOMMON          bssCOMMON    0000
__Lcinit              cinit        0000
__Lclrtext            clrtext      0000
__Lcode               code         0000
__Lcommon             common       0000
__Lconfig             config       2007
__LcstackBANK0        cstackBANK0  0000
__LcstackCOMMON       cstackCOMMON 0000
__Leeprom_data        eeprom_data  0000
__Lend_init           end_init     0012
__Lfunctab            functab      0000
__Lidloc              idloc        0000
__Linit               init         0012
__Lintentry           intentry     0004
__Lmaintext           maintext     0000
__LnvBANK0            nvBANK0      0000
__Lpowerup            powerup      0000
__Lram                ram          0000
__Lreset_vec          reset_vec    0000
__Lsfr0               sfr0         0000
__Lsfr1               sfr1         0000
__Lsfr2               sfr2         0000
__Lsfr3               sfr3         0000
__Lstrings            strings      0000
__Ltext               text         0000
__S0                  (abs)        2009
__S1                  (abs)        007E
__S2                  (abs)        0000
__end_of_elapse       text125      01A9
__end_of_main         maintext     02FC
__pbitbssCOMMON       bitbssCOMMON 03D0
__pbitnvCOMMON        bitnvCOMMON  03D8
__pbssBANK0           bssBANK0     0020
__pbssCOMMON          bssCOMMON    007C
__pcstackBANK0        cstackBANK0  003E
__pcstackCOMMON       cstackCOMMON 0070
__pintentry           intentry     0004
__pmaintext           maintext     01A9
__pnvBANK0            nvBANK0      004E
__ptext125            text125      0015
__ptext126            text126      0000
__size_of_elapse      (abs)        0000
__size_of_main        (abs)        0000
_ad_0                 bssBANK0     0020
_ad_1                 bssBANK0     0025
_ad_2                 bssBANK0     002A
_ad_rtn               bssBANK0     002F
_at_sta               bitnvCOMMON  03D8
_b_0                  bssBANK0     0038
_b_1                  bssBANK0     0039
_b_2                  bssBANK0     003A
_b_cur                bssBANK0     003B
_b_ok                 nvBANK0      004E
_chime_time           bssBANK0     0034
_chime_type           bitbssCOMMON 03D0
_direction            bitbssCOMMON 03D1
_door_on              bitbssCOMMON 03D2
_elapse               text125      0015
_elapse$1728          cstackBANK0  0048
_elapse$1730          cstackBANK0  003E
_elapse$1731          cstackBANK0  0040
_elapse$1732          cstackBANK0  0042
_elapse$1733          cstackBANK0  0044
_elapse$1734          cstackBANK0  0046
_exit                 init         0012
_initialize           bitnvCOMMON  03D9
_key_count            bssBANK0     003C
_led_on               bitbssCOMMON 03D3
_main                 maintext     01A9
_pr2_data             nvBANK0      004F
_quotient             bssBANK0     0036
_remainder            bssCOMMON    007C
_sta_num              nvBANK0      0050
_time                 bssBANK0     003D
_timercount           nvBANK0      0051
btemp                 (abs)        007E
clear_ram             clrtext      030C
elapse@i              cstackBANK0  0049
end_of_initialization cinit        0308
interrupt_function    intentry     0004
intlevel0             functab      0000
intlevel1             functab      0000
intlevel2             functab      0000
intlevel3             functab      0000
intlevel4             functab      0000
intlevel5             functab      0000
main@i                cstackBANK0  004C
main@i_1725           cstackBANK0  004D
reset_vec             reset_vec    0000
saved_w               (abs)        007E
start                 init         0012
start_initialization  cinit        02FC
wtemp0                (abs)        007E
